2023-09-24 18:09:190 INFO  HomePage :155 - Select parking lot: [[ChromeDriver: chrome on windows (f1d61141cce1deb7d80d11d1171806b5)] -> id: ParkingLot]
2023-09-24 19:09:747 INFO  HomePage :163 - Select parking lot: [[ChromeDriver: chrome on windows (c8bad7b18c808b5af5e63a7435328e56)] -> id: ParkingLot]
2023-09-24 19:09:207 INFO  HomePage :171 - Enter entry date  [[ChromeDriver: chrome on windows (c8bad7b18c808b5af5e63a7435328e56)] -> id: StartingDate]
2023-09-24 19:09:208 INFO  HomePage :172 - Enter entry time [[ChromeDriver: chrome on windows (c8bad7b18c808b5af5e63a7435328e56)] -> id: StartingTime]
2023-09-24 19:09:309 INFO  HomePage :178 - Click on AM [[ChromeDriver: chrome on windows (c8bad7b18c808b5af5e63a7435328e56)] -> xpath: (//input[@name='StartingTimeAMPM'][1])]
2023-09-24 19:09:702 INFO  HomePage :187 - Enter leaving date  [[ChromeDriver: chrome on windows (c8bad7b18c808b5af5e63a7435328e56)] -> id: LeavingDate]
2023-09-24 19:09:702 INFO  HomePage :188 - Enter leaving time [[ChromeDriver: chrome on windows (c8bad7b18c808b5af5e63a7435328e56)] -> id: LeavingTime]
2023-09-24 19:09:792 INFO  HomePage :194 - Click on AM [[ChromeDriver: chrome on windows (c8bad7b18c808b5af5e63a7435328e56)] -> xpath: (//input[@name='LeavingTimeAMPM'][1])]
2023-09-24 19:09:38 INFO  HomePage :202 - Click on calculate [[ChromeDriver: chrome on windows (c8bad7b18c808b5af5e63a7435328e56)] -> xpath: //input[@name='Submit']]
2023-09-24 19:09:719 INFO  HomePage :263 - Select parking lot [[ChromeDriver: chrome on windows (a4011dfee91a1f03ec4c6fc134cb4e39)] -> id: ParkingLot]
2023-09-24 19:09:168 INFO  HomePage :272 - Enter starting date [[ChromeDriver: chrome on windows (a4011dfee91a1f03ec4c6fc134cb4e39)] -> id: StartingDate]
2023-09-24 19:09:169 INFO  HomePage :273 - Enter starting time [[ChromeDriver: chrome on windows (a4011dfee91a1f03ec4c6fc134cb4e39)] -> id: StartingTime]
2023-09-24 19:09:266 INFO  HomePage :281 - Click on AM[[ChromeDriver: chrome on windows (a4011dfee91a1f03ec4c6fc134cb4e39)] -> xpath: (//input[@name='StartingTimeAMPM'][1])]
2023-09-24 19:09:651 INFO  HomePage :289 - Enter leaving date [[ChromeDriver: chrome on windows (a4011dfee91a1f03ec4c6fc134cb4e39)] -> id: LeavingDate]
2023-09-24 19:09:651 INFO  HomePage :290 - Enter leaving time [[ChromeDriver: chrome on windows (a4011dfee91a1f03ec4c6fc134cb4e39)] -> id: LeavingTime]
2023-09-24 19:09:738 INFO  HomePage :296 - Click on AM [[ChromeDriver: chrome on windows (a4011dfee91a1f03ec4c6fc134cb4e39)] -> xpath: (//input[@name='LeavingTimeAMPM'][1])]
2023-09-24 19:09:985 INFO  HomePage :302 - Click on calculate [[ChromeDriver: chrome on windows (a4011dfee91a1f03ec4c6fc134cb4e39)] -> xpath: //input[@name='Submit']]
2023-09-24 19:09:511 INFO  HomePage :62 - Select parking lot [[ChromeDriver: chrome on windows (37301c33678ccdaf2d051811ad070aee)] -> id: ParkingLot]
2023-09-24 19:09:941 INFO  HomePage :71 - Select entry date [[ChromeDriver: chrome on windows (37301c33678ccdaf2d051811ad070aee)] -> id: StartingDate]
2023-09-24 19:09:941 INFO  HomePage :72 - Select entry time [[ChromeDriver: chrome on windows (37301c33678ccdaf2d051811ad070aee)] -> id: StartingTime]
2023-09-24 19:09:37 INFO  HomePage :78 - Click on AM [[ChromeDriver: chrome on windows (37301c33678ccdaf2d051811ad070aee)] -> xpath: (//input[@name='StartingTimeAMPM'][1])]
2023-09-24 19:09:419 INFO  HomePage :88 - Select leaving date [[ChromeDriver: chrome on windows (37301c33678ccdaf2d051811ad070aee)] -> id: LeavingDate]
2023-09-24 19:09:420 INFO  HomePage :89 - Select leaving time [[ChromeDriver: chrome on windows (37301c33678ccdaf2d051811ad070aee)] -> id: LeavingTime]
2023-09-24 19:09:508 INFO  HomePage :94 - Click on AM [[ChromeDriver: chrome on windows (37301c33678ccdaf2d051811ad070aee)] -> xpath: (//input[@name='LeavingTimeAMPM'][1])]
2023-09-24 19:09:793 INFO  HomePage :101 - Click on calculate [[ChromeDriver: chrome on windows (37301c33678ccdaf2d051811ad070aee)] -> xpath: //input[@name='Submit']]
2023-09-24 19:09:94 INFO  HomePage :62 - Select parking lot [[ChromeDriver: chrome on windows (9b35ac9378afce92a59b57c69812a2c7)] -> id: ParkingLot]
2023-09-24 19:09:543 INFO  HomePage :71 - Select entry date [[ChromeDriver: chrome on windows (9b35ac9378afce92a59b57c69812a2c7)] -> id: StartingDate]
2023-09-24 19:09:544 INFO  HomePage :72 - Select entry time [[ChromeDriver: chrome on windows (9b35ac9378afce92a59b57c69812a2c7)] -> id: StartingTime]
2023-09-24 19:09:640 INFO  HomePage :78 - Click on AM [[ChromeDriver: chrome on windows (9b35ac9378afce92a59b57c69812a2c7)] -> xpath: (//input[@name='StartingTimeAMPM'][1])]
2023-09-24 19:09:43 INFO  HomePage :88 - Select leaving date [[ChromeDriver: chrome on windows (9b35ac9378afce92a59b57c69812a2c7)] -> id: LeavingDate]
2023-09-24 19:09:43 INFO  HomePage :89 - Select leaving time [[ChromeDriver: chrome on windows (9b35ac9378afce92a59b57c69812a2c7)] -> id: LeavingTime]
2023-09-24 19:09:133 INFO  HomePage :94 - Click on AM [[ChromeDriver: chrome on windows (9b35ac9378afce92a59b57c69812a2c7)] -> xpath: (//input[@name='LeavingTimeAMPM'][1])]
2023-09-24 19:09:346 INFO  HomePage :101 - Click on calculate [[ChromeDriver: chrome on windows (9b35ac9378afce92a59b57c69812a2c7)] -> xpath: //input[@name='Submit']]
2023-09-24 19:09:507 INFO  HomePage :163 - Select parking lot: [[ChromeDriver: chrome on windows (ff1d6da2ee354f699ba5abd595b228ac)] -> id: ParkingLot]
2023-09-24 19:09:941 INFO  HomePage :171 - Enter entry date  [[ChromeDriver: chrome on windows (ff1d6da2ee354f699ba5abd595b228ac)] -> id: StartingDate]
2023-09-24 19:09:942 INFO  HomePage :172 - Enter entry time [[ChromeDriver: chrome on windows (ff1d6da2ee354f699ba5abd595b228ac)] -> id: StartingTime]
2023-09-24 19:09:36 INFO  HomePage :178 - Click on AM [[ChromeDriver: chrome on windows (ff1d6da2ee354f699ba5abd595b228ac)] -> xpath: (//input[@name='StartingTimeAMPM'][1])]
2023-09-24 19:09:420 INFO  HomePage :187 - Enter leaving date  [[ChromeDriver: chrome on windows (ff1d6da2ee354f699ba5abd595b228ac)] -> id: LeavingDate]
2023-09-24 19:09:421 INFO  HomePage :188 - Enter leaving time [[ChromeDriver: chrome on windows (ff1d6da2ee354f699ba5abd595b228ac)] -> id: LeavingTime]
2023-09-24 19:09:505 INFO  HomePage :194 - Click on AM [[ChromeDriver: chrome on windows (ff1d6da2ee354f699ba5abd595b228ac)] -> xpath: (//input[@name='LeavingTimeAMPM'][1])]
2023-09-24 19:09:717 INFO  HomePage :202 - Click on calculate [[ChromeDriver: chrome on windows (ff1d6da2ee354f699ba5abd595b228ac)] -> xpath: //input[@name='Submit']]
2023-09-24 19:09:903 INFO  HomePage :263 - Select parking lot [[ChromeDriver: chrome on windows (d68d7c0689efeff763cb00f37a9693ca)] -> id: ParkingLot]
2023-09-24 19:09:353 INFO  HomePage :272 - Enter starting date [[ChromeDriver: chrome on windows (d68d7c0689efeff763cb00f37a9693ca)] -> id: StartingDate]
2023-09-24 19:09:354 INFO  HomePage :273 - Enter starting time [[ChromeDriver: chrome on windows (d68d7c0689efeff763cb00f37a9693ca)] -> id: StartingTime]
2023-09-24 19:09:443 INFO  HomePage :281 - Click on AM[[ChromeDriver: chrome on windows (d68d7c0689efeff763cb00f37a9693ca)] -> xpath: (//input[@name='StartingTimeAMPM'][1])]
2023-09-24 19:09:836 INFO  HomePage :289 - Enter leaving date [[ChromeDriver: chrome on windows (d68d7c0689efeff763cb00f37a9693ca)] -> id: LeavingDate]
2023-09-24 19:09:836 INFO  HomePage :290 - Enter leaving time [[ChromeDriver: chrome on windows (d68d7c0689efeff763cb00f37a9693ca)] -> id: LeavingTime]
2023-09-24 19:09:922 INFO  HomePage :296 - Click on AM [[ChromeDriver: chrome on windows (d68d7c0689efeff763cb00f37a9693ca)] -> xpath: (//input[@name='LeavingTimeAMPM'][1])]
2023-09-24 19:09:170 INFO  HomePage :302 - Click on calculate [[ChromeDriver: chrome on windows (d68d7c0689efeff763cb00f37a9693ca)] -> xpath: //input[@name='Submit']]
2023-09-24 19:09:645 INFO  HomePage :61 - Select parking lot [[ChromeDriver: chrome on windows (e4c39a7e6fcd0b1ddab475225349960e)] -> id: ParkingLot]
2023-09-24 19:09:230 INFO  HomePage :70 - Select entry date [[ChromeDriver: chrome on windows (e4c39a7e6fcd0b1ddab475225349960e)] -> id: StartingDate]
2023-09-24 19:09:231 INFO  HomePage :71 - Select entry time [[ChromeDriver: chrome on windows (e4c39a7e6fcd0b1ddab475225349960e)] -> id: StartingTime]
2023-09-24 19:09:339 INFO  HomePage :77 - Click on AM [[ChromeDriver: chrome on windows (e4c39a7e6fcd0b1ddab475225349960e)] -> xpath: (//input[@name='StartingTimeAMPM'][1])]
2023-09-24 19:09:742 INFO  HomePage :87 - Select leaving date [[ChromeDriver: chrome on windows (e4c39a7e6fcd0b1ddab475225349960e)] -> id: LeavingDate]
2023-09-24 19:09:743 INFO  HomePage :88 - Select leaving time [[ChromeDriver: chrome on windows (e4c39a7e6fcd0b1ddab475225349960e)] -> id: LeavingTime]
2023-09-24 19:09:863 INFO  HomePage :93 - Click on AM [[ChromeDriver: chrome on windows (e4c39a7e6fcd0b1ddab475225349960e)] -> xpath: (//input[@name='LeavingTimeAMPM'][1])]
2023-09-24 19:09:111 INFO  HomePage :100 - Click on calculate [[ChromeDriver: chrome on windows (e4c39a7e6fcd0b1ddab475225349960e)] -> xpath: //input[@name='Submit']]
2023-09-24 19:09:340 INFO  HomePage :162 - Select parking lot: [[ChromeDriver: chrome on windows (ce654b43bdcdd9d6aae4f59baf4d12e2)] -> id: ParkingLot]
2023-09-24 19:09:790 INFO  HomePage :170 - Enter entry date  [[ChromeDriver: chrome on windows (ce654b43bdcdd9d6aae4f59baf4d12e2)] -> id: StartingDate]
2023-09-24 19:09:791 INFO  HomePage :171 - Enter entry time [[ChromeDriver: chrome on windows (ce654b43bdcdd9d6aae4f59baf4d12e2)] -> id: StartingTime]
2023-09-24 19:09:888 INFO  HomePage :177 - Click on AM [[ChromeDriver: chrome on windows (ce654b43bdcdd9d6aae4f59baf4d12e2)] -> xpath: (//input[@name='StartingTimeAMPM'][1])]
2023-09-24 19:09:267 INFO  HomePage :186 - Enter leaving date  [[ChromeDriver: chrome on windows (ce654b43bdcdd9d6aae4f59baf4d12e2)] -> id: LeavingDate]
2023-09-24 19:09:268 INFO  HomePage :187 - Enter leaving time [[ChromeDriver: chrome on windows (ce654b43bdcdd9d6aae4f59baf4d12e2)] -> id: LeavingTime]
2023-09-24 19:09:354 INFO  HomePage :193 - Click on AM [[ChromeDriver: chrome on windows (ce654b43bdcdd9d6aae4f59baf4d12e2)] -> xpath: (//input[@name='LeavingTimeAMPM'][1])]
2023-09-24 19:09:586 INFO  HomePage :201 - Click on calculate [[ChromeDriver: chrome on windows (ce654b43bdcdd9d6aae4f59baf4d12e2)] -> xpath: //input[@name='Submit']]
2023-09-24 19:09:878 INFO  HomePage :262 - Select parking lot [[ChromeDriver: chrome on windows (185aac0d4be0885d697d8155a0a32265)] -> id: ParkingLot]
2023-09-24 19:09:329 INFO  HomePage :271 - Enter starting date [[ChromeDriver: chrome on windows (185aac0d4be0885d697d8155a0a32265)] -> id: StartingDate]
2023-09-24 19:09:330 INFO  HomePage :272 - Enter starting time [[ChromeDriver: chrome on windows (185aac0d4be0885d697d8155a0a32265)] -> id: StartingTime]
2023-09-24 19:09:428 INFO  HomePage :280 - Click on AM[[ChromeDriver: chrome on windows (185aac0d4be0885d697d8155a0a32265)] -> xpath: (//input[@name='StartingTimeAMPM'][1])]
2023-09-24 19:09:830 INFO  HomePage :288 - Enter leaving date [[ChromeDriver: chrome on windows (185aac0d4be0885d697d8155a0a32265)] -> id: LeavingDate]
2023-09-24 19:09:830 INFO  HomePage :289 - Enter leaving time [[ChromeDriver: chrome on windows (185aac0d4be0885d697d8155a0a32265)] -> id: LeavingTime]
2023-09-24 19:09:924 INFO  HomePage :295 - Click on AM [[ChromeDriver: chrome on windows (185aac0d4be0885d697d8155a0a32265)] -> xpath: (//input[@name='LeavingTimeAMPM'][1])]
2023-09-24 19:09:137 INFO  HomePage :301 - Click on calculate [[ChromeDriver: chrome on windows (185aac0d4be0885d697d8155a0a32265)] -> xpath: //input[@name='Submit']]
